Mono path[0] = 'E:/GameDev/tieu-tien-ky-game/Builds/Windows/NetworkSmokeTest_Data/Managed'
Mono config path = 'E:/GameDev/tieu-tien-ky-game/Builds/Windows/MonoBleedingEdge/etc'
Input System module state changed to: Initialized.
[Physics::Module] Initialized fallback backend.
[Physics::Module] Id: 0xdecafbad
Initialize engine version: 6000.3.21f1 (c02631ffc030)
[Subsystems] Discovering subsystems at path E:/GameDev/tieu-tien-ky-game/Builds/Windows/NetworkSmokeTest_Data/UnitySubsystems
Forcing GfxDevice: Null
GfxDevice: creating device client; kGfxThreadingModeNonThreaded
NullGfxDevice:
    Version:  NULL 1.0 [1.0]
    Renderer: Null Device
    Vendor:   Unity Technologies
Begin MonoManager ReloadAssembly
- Loaded All Assemblies, in  0.179 seconds
- Finished resetting the current domain, in  0.004 seconds
[Physics::Module] Selected backend.
[Physics::Module] Name: PhysX
[Physics::Module] Id: 0xf2b8ea05
[Physics::Module] SDK Version: 4.1.2
[Physics::Module] Integration Version: 1.0.0
[Physics::Module] Threading Mode: Multi-Threaded
Microsoft Media Foundation video decoding to texture disabled: graphics device is Null, only Direct3D 11 and Direct3D 12 (only on desktop) are supported for hardware-accelerated video decoding.
UnloadTime: 0.615600 ms
[NET2] NET2_CLIENT_CONNECTED
[NET2] NET2_MOVEMENT_PASS
[NET2] NET2_BASIC_PASS
[NET2] NET2_DEBUG_KNOCKBACK_BASIC peakDist=6,667179
[NET2] NET2_LOI_TRAM_PASS
[NET2] NET2_PHONG_BO_PASS
[NET2] NET2_HO_THE_PASS
[NET2] NET2_WATER_LIGHTNING_PASS
[NET2] NET2_KNOCKBACK_PASS
[NET2] NET2_DEATH_RESPAWN_PASS
[NET2] NET2_PASS
[Physics::Module] Cleanup current backend.
[Physics::Module] Id: 0xf2b8ea05
Input System module state changed to: ShutdownInProgress.
Input System polling thread exited.
Input System module state changed to: Shutdown.
