Mono path[0] = 'E:/GameDev/tieu-tien-ky-game/Builds/Windows/NetworkSmokeTest_Data/Managed'
Mono config path = 'E:/GameDev/tieu-tien-ky-game/Builds/Windows/MonoBleedingEdge/etc'
Input System module state changed to: Initialized.
[Physics::Module] Initialized fallback backend.
[Physics::Module] Id: 0xdecafbad
Initialize engine version: 6000.3.21f1 (c02631ffc030)
[Subsystems] Discovering subsystems at path E:/GameDev/tieu-tien-ky-game/Builds/Windows/NetworkSmokeTest_Data/UnitySubsystems
Forcing GfxDevice: Null
GfxDevice: creating device client; kGfxThreadingModeNonThreaded
NullGfxDevice:
    Version:  NULL 1.0 [1.0]
    Renderer: Null Device
    Vendor:   Unity Technologies
Begin MonoManager ReloadAssembly
- Loaded All Assemblies, in  0.145 seconds
- Finished resetting the current domain, in  0.004 seconds
[Physics::Module] Selected backend.
[Physics::Module] Name: PhysX
[Physics::Module] Id: 0xf2b8ea05
[Physics::Module] SDK Version: 4.1.2
[Physics::Module] Integration Version: 1.0.0
[Physics::Module] Threading Mode: Multi-Threaded
Microsoft Media Foundation video decoding to texture disabled: graphics device is Null, only Direct3D 11 and Direct3D 12 (only on desktop) are supported for hardware-accelerated video decoding.
UnloadTime: 0.500400 ms
[NET2] NET2_HOST_READY
[NET2] NET2_CLIENT_CONNECTED
[NET2] NET2_MOVEMENT_PASS
[NET2] NET2_BASIC_PASS
[NET2] NET2_DEBUG_KNOCKBACK_SAMPLE frame=0 dist=0 clientPos=(0.00, 1.08, 4.42)
[NET2] NET2_DEBUG_KNOCKBACK_SAMPLE frame=15 dist=0 clientPos=(0.00, 1.08, 4.42)
[NET2] NET2_DEBUG_KNOCKBACK_SAMPLE frame=30 dist=0 clientPos=(0.00, 1.08, 4.42)
[NET2] NET2_DEBUG_KNOCKBACK_SAMPLE frame=45 dist=0 clientPos=(0.00, 1.08, 4.42)
[NET2] NET2_DEBUG_KNOCKBACK_SAMPLE frame=60 dist=0 clientPos=(0.00, 1.08, 4.42)
[NET2] NET2_DEBUG_KNOCKBACK_SAMPLE frame=75 dist=0 clientPos=(0.00, 1.08, 4.42)
[NET2] NET2_DEBUG_KNOCKBACK_BASIC peakDist=0
[NET2] NET2_DEBUG_LOI_TRAM readyBefore=True hpBefore=2 hpAfter=0 hostPos=(0.00, 1.08, 3.37) clientPos=(0.00, 1.08, 4.42) hostForward=(0.00, 0.00, 1.00)
[NET2] NET2_LOI_TRAM_PASS
[NET2] NET2_DEBUG_PHONG_BO readyBefore=True activatedFired=True controllerEnabled=True skillEnabled=True active=True before=(-8.00, 1.08, -8.00) oneFrameLater=(-8.00, 1.08, -7.94) after=(-8.00, 1.08, -5.00) dist=3
[NET2] NET2_PHONG_BO_PASS
[NET2] NET2_HO_THE_PASS
[NET2] NET2_DEBUG_WATER hitLanded=True isInWaterZone=False dist=3,653661 hostPos=(0.00, 1.08, -1.20) clientPos=(0.00, 1.08, 3.65)
[NET2] NET2_WATER_LIGHTNING_PASS
[NET2] NET2_KNOCKBACK_PASS
[NET2] NET2_DEBUG_DEATH died=True attempts=4 hp=0/3
[NET2] NET2_DEBUG_RESPAWN defeated=False hp=3/3 pos=(0.00, 1.08, 0.00)
[NET2] NET2_DEATH_RESPAWN_PASS
[NET2] NET2_PASS
[Physics::Module] Cleanup current backend.
[Physics::Module] Id: 0xf2b8ea05
Input System module state changed to: ShutdownInProgress.
Input System polling thread exited.
Input System module state changed to: Shutdown.
